  Determining projects to restore...
  All projects are up-to-date for restore.
C:\Program Files\dotnet\sdk\10.0.103\Microsoft.Common.CurrentVersion.targets(4903,5): warning MSB3026: Could not copy "obj\Debug\net8.0\LeKatsuMNL.dll" to "bin\Debug\net8.0\LeKatsuMNL.dll". Beginning retry 1 in 1000ms. The process cannot access the file 'C:\Users\azuce\OneDrive\Documents\Visual Studio 2022\Code Snippets\Visual C#\My Code Snippets\LeKatsuMNL\LeKatsuMNL\bin\Debug\net8.0\LeKatsuMNL.dll' because it is being used by another process. The file is locked by: "Microsoft Visual Studio 2022 (27916), IIS Express Worker Process (2128)" [C:\Users\azuce\OneDrive\Documents\Visual Studio 2022\Code Snippets\Visual C#\My Code Snippets\LeKatsuMNL\LeKatsuMNL\LeKatsuMNL.csproj]
C:\Program Files\dotnet\sdk\10.0.103\Microsoft.Common.CurrentVersion.targets(4903,5): warning MSB3026: Could not copy "obj\Debug\net8.0\LeKatsuMNL.dll" to "bin\Debug\net8.0\LeKatsuMNL.dll". Beginning retry 2 in 1000ms. The process cannot access the file 'C:\Users\azuce\OneDrive\Documents\Visual Studio 2022\Code Snippets\Visual C#\My Code Snippets\LeKatsuMNL\LeKatsuMNL\bin\Debug\net8.0\LeKatsuMNL.dll' because it is being used by another process. The file is locked by: "Microsoft Visual Studio 2022 (27916), IIS Express Worker Process (2128)" [C:\Users\azuce\OneDrive\Documents\Visual Studio 2022\Code Snippets\Visual C#\My Code Snippets\LeKatsuMNL\LeKatsuMNL\LeKatsuMNL.csproj]
C:\Program Files\dotnet\sdk\10.0.103\Microsoft.Common.CurrentVersion.targets(4903,5): warning MSB3026: Could not copy "obj\Debug\net8.0\LeKatsuMNL.dll" to "bin\Debug\net8.0\LeKatsuMNL.dll". Beginning retry 3 in 1000ms. The process cannot access the file 'C:\Users\azuce\OneDrive\Documents\Visual Studio 2022\Code Snippets\Visual C#\My Code Snippets\LeKatsuMNL\LeKatsuMNL\bin\Debug\net8.0\LeKatsuMNL.dll' because it is being used by another process. The file is locked by: "Microsoft Visual Studio 2022 (27916), IIS Express Worker Process (2128)" [C:\Users\azuce\OneDrive\Documents\Visual Studio 2022\Code Snippets\Visual C#\My Code Snippets\LeKatsuMNL\LeKatsuMNL\LeKatsuMNL.csproj]
C:\Program Files\dotnet\sdk\10.0.103\Microsoft.Common.CurrentVersion.targets(4903,5): warning MSB3026: Could not copy "obj\Debug\net8.0\LeKatsuMNL.dll" to "bin\Debug\net8.0\LeKatsuMNL.dll". Beginning retry 4 in 1000ms. The process cannot access the file 'C:\Users\azuce\OneDrive\Documents\Visual Studio 2022\Code Snippets\Visual C#\My Code Snippets\LeKatsuMNL\LeKatsuMNL\bin\Debug\net8.0\LeKatsuMNL.dll' because it is being used by another process. The file is locked by: "Microsoft Visual Studio 2022 (27916), IIS Express Worker Process (2128)" [C:\Users\azuce\OneDrive\Documents\Visual Studio 2022\Code Snippets\Visual C#\My Code Snippets\LeKatsuMNL\LeKatsuMNL\LeKatsuMNL.csproj]
C:\Program Files\dotnet\sdk\10.0.103\Microsoft.Common.CurrentVersion.targets(4903,5): warning MSB3026: Could not copy "obj\Debug\net8.0\LeKatsuMNL.dll" to "bin\Debug\net8.0\LeKatsuMNL.dll". Beginning retry 5 in 1000ms. The process cannot access the file 'C:\Users\azuce\OneDrive\Documents\Visual Studio 2022\Code Snippets\Visual C#\My Code Snippets\LeKatsuMNL\LeKatsuMNL\bin\Debug\net8.0\LeKatsuMNL.dll' because it is being used by another process. The file is locked by: "Microsoft Visual Studio 2022 (27916), IIS Express Worker Process (2128)" [C:\Users\azuce\OneDrive\Documents\Visual Studio 2022\Code Snippets\Visual C#\My Code Snippets\LeKatsuMNL\LeKatsuMNL\LeKatsuMNL.csproj]
C:\Program Files\dotnet\sdk\10.0.103\Microsoft.Common.CurrentVersion.targets(4903,5): warning MSB3026: Could not copy "obj\Debug\net8.0\LeKatsuMNL.dll" to "bin\Debug\net8.0\LeKatsuMNL.dll". Beginning retry 6 in 1000ms. The process cannot access the file 'C:\Users\azuce\OneDrive\Documents\Visual Studio 2022\Code Snippets\Visual C#\My Code Snippets\LeKatsuMNL\LeKatsuMNL\bin\Debug\net8.0\LeKatsuMNL.dll' because it is being used by another process. The file is locked by: "Microsoft Visual Studio 2022 (27916), IIS Express Worker Process (2128)" [C:\Users\azuce\OneDrive\Documents\Visual Studio 2022\Code Snippets\Visual C#\My Code Snippets\LeKatsuMNL\LeKatsuMNL\LeKatsuMNL.csproj]
C:\Program Files\dotnet\sdk\10.0.103\Microsoft.Common.CurrentVersion.targets(4903,5): warning MSB3026: Could not copy "obj\Debug\net8.0\LeKatsuMNL.dll" to "bin\Debug\net8.0\LeKatsuMNL.dll". Beginning retry 7 in 1000ms. The process cannot access the file 'C:\Users\azuce\OneDrive\Documents\Visual Studio 2022\Code Snippets\Visual C#\My Code Snippets\LeKatsuMNL\LeKatsuMNL\bin\Debug\net8.0\LeKatsuMNL.dll' because it is being used by another process. The file is locked by: "Microsoft Visual Studio 2022 (27916), IIS Express Worker Process (2128)" [C:\Users\azuce\OneDrive\Documents\Visual Studio 2022\Code Snippets\Visual C#\My Code Snippets\LeKatsuMNL\LeKatsuMNL\LeKatsuMNL.csproj]
C:\Program Files\dotnet\sdk\10.0.103\Microsoft.Common.CurrentVersion.targets(4903,5): warning MSB3026: Could not copy "obj\Debug\net8.0\LeKatsuMNL.dll" to "bin\Debug\net8.0\LeKatsuMNL.dll". Beginning retry 8 in 1000ms. The process cannot access the file 'C:\Users\azuce\OneDrive\Documents\Visual Studio 2022\Code Snippets\Visual C#\My Code Snippets\LeKatsuMNL\LeKatsuMNL\bin\Debug\net8.0\LeKatsuMNL.dll' because it is being used by another process. The file is locked by: "Microsoft Visual Studio 2022 (27916), IIS Express Worker Process (2128)" [C:\Users\azuce\OneDrive\Documents\Visual Studio 2022\Code Snippets\Visual C#\My Code Snippets\LeKatsuMNL\LeKatsuMNL\LeKatsuMNL.csproj]
C:\Program Files\dotnet\sdk\10.0.103\Microsoft.Common.CurrentVersion.targets(4903,5): warning MSB3026: Could not copy "obj\Debug\net8.0\LeKatsuMNL.dll" to "bin\Debug\net8.0\LeKatsuMNL.dll". Beginning retry 9 in 1000ms. The process cannot access the file 'C:\Users\azuce\OneDrive\Documents\Visual Studio 2022\Code Snippets\Visual C#\My Code Snippets\LeKatsuMNL\LeKatsuMNL\bin\Debug\net8.0\LeKatsuMNL.dll' because it is being used by another process. The file is locked by: "Microsoft Visual Studio 2022 (27916), IIS Express Worker Process (2128)" [C:\Users\azuce\OneDrive\Documents\Visual Studio 2022\Code Snippets\Visual C#\My Code Snippets\LeKatsuMNL\LeKatsuMNL\LeKatsuMNL.csproj]
C:\Program Files\dotnet\sdk\10.0.103\Microsoft.Common.CurrentVersion.targets(4903,5): warning MSB3026: Could not copy "obj\Debug\net8.0\LeKatsuMNL.dll" to "bin\Debug\net8.0\LeKatsuMNL.dll". Beginning retry 10 in 1000ms. The process cannot access the file 'C:\Users\azuce\OneDrive\Documents\Visual Studio 2022\Code Snippets\Visual C#\My Code Snippets\LeKatsuMNL\LeKatsuMNL\bin\Debug\net8.0\LeKatsuMNL.dll' because it is being used by another process. The file is locked by: "Microsoft Visual Studio 2022 (27916), IIS Express Worker Process (2128)" [C:\Users\azuce\OneDrive\Documents\Visual Studio 2022\Code Snippets\Visual C#\My Code Snippets\LeKatsuMNL\LeKatsuMNL\LeKatsuMNL.csproj]
C:\Program Files\dotnet\sdk\10.0.103\Microsoft.Common.CurrentVersion.targets(4903,5): error MSB3027: Could not copy "obj\Debug\net8.0\LeKatsuMNL.dll" to "bin\Debug\net8.0\LeKatsuMNL.dll". Exceeded retry count of 10. Failed. The file is locked by: "Microsoft Visual Studio 2022 (27916), IIS Express Worker Process (2128)" [C:\Users\azuce\OneDrive\Documents\Visual Studio 2022\Code Snippets\Visual C#\My Code Snippets\LeKatsuMNL\LeKatsuMNL\LeKatsuMNL.csproj]
C:\Program Files\dotnet\sdk\10.0.103\Microsoft.Common.CurrentVersion.targets(4903,5): error MSB3021: Unable to copy file "obj\Debug\net8.0\LeKatsuMNL.dll" to "bin\Debug\net8.0\LeKatsuMNL.dll". The process cannot access the file 'C:\Users\azuce\OneDrive\Documents\Visual Studio 2022\Code Snippets\Visual C#\My Code Snippets\LeKatsuMNL\LeKatsuMNL\bin\Debug\net8.0\LeKatsuMNL.dll' because it is being used by another process. [C:\Users\azuce\OneDrive\Documents\Visual Studio 2022\Code Snippets\Visual C#\My Code Snippets\LeKatsuMNL\LeKatsuMNL\LeKatsuMNL.csproj]

Build FAILED.

C:\Program Files\dotnet\sdk\10.0.103\Microsoft.Common.CurrentVersion.targets(4903,5): warning MSB3026: Could not copy "obj\Debug\net8.0\LeKatsuMNL.dll" to "bin\Debug\net8.0\LeKatsuMNL.dll". Beginning retry 1 in 1000ms. The process cannot access the file 'C:\Users\azuce\OneDrive\Documents\Visual Studio 2022\Code Snippets\Visual C#\My Code Snippets\LeKatsuMNL\LeKatsuMNL\bin\Debug\net8.0\LeKatsuMNL.dll' because it is being used by another process. The file is locked by: "Microsoft Visual Studio 2022 (27916), IIS Express Worker Process (2128)" [C:\Users\azuce\OneDrive\Documents\Visual Studio 2022\Code Snippets\Visual C#\My Code Snippets\LeKatsuMNL\LeKatsuMNL\LeKatsuMNL.csproj]
C:\Program Files\dotnet\sdk\10.0.103\Microsoft.Common.CurrentVersion.targets(4903,5): warning MSB3026: Could not copy "obj\Debug\net8.0\LeKatsuMNL.dll" to "bin\Debug\net8.0\LeKatsuMNL.dll". Beginning retry 2 in 1000ms. The process cannot access the file 'C:\Users\azuce\OneDrive\Documents\Visual Studio 2022\Code Snippets\Visual C#\My Code Snippets\LeKatsuMNL\LeKatsuMNL\bin\Debug\net8.0\LeKatsuMNL.dll' because it is being used by another process. The file is locked by: "Microsoft Visual Studio 2022 (27916), IIS Express Worker Process (2128)" [C:\Users\azuce\OneDrive\Documents\Visual Studio 2022\Code Snippets\Visual C#\My Code Snippets\LeKatsuMNL\LeKatsuMNL\LeKatsuMNL.csproj]
C:\Program Files\dotnet\sdk\10.0.103\Microsoft.Common.CurrentVersion.targets(4903,5): warning MSB3026: Could not copy "obj\Debug\net8.0\LeKatsuMNL.dll" to "bin\Debug\net8.0\LeKatsuMNL.dll". Beginning retry 3 in 1000ms. The process cannot access the file 'C:\Users\azuce\OneDrive\Documents\Visual Studio 2022\Code Snippets\Visual C#\My Code Snippets\LeKatsuMNL\LeKatsuMNL\bin\Debug\net8.0\LeKatsuMNL.dll' because it is being used by another process. The file is locked by: "Microsoft Visual Studio 2022 (27916), IIS Express Worker Process (2128)" [C:\Users\azuce\OneDrive\Documents\Visual Studio 2022\Code Snippets\Visual C#\My Code Snippets\LeKatsuMNL\LeKatsuMNL\LeKatsuMNL.csproj]
C:\Program Files\dotnet\sdk\10.0.103\Microsoft.Common.CurrentVersion.targets(4903,5): warning MSB3026: Could not copy "obj\Debug\net8.0\LeKatsuMNL.dll" to "bin\Debug\net8.0\LeKatsuMNL.dll". Beginning retry 4 in 1000ms. The process cannot access the file 'C:\Users\azuce\OneDrive\Documents\Visual Studio 2022\Code Snippets\Visual C#\My Code Snippets\LeKatsuMNL\LeKatsuMNL\bin\Debug\net8.0\LeKatsuMNL.dll' because it is being used by another process. The file is locked by: "Microsoft Visual Studio 2022 (27916), IIS Express Worker Process (2128)" [C:\Users\azuce\OneDrive\Documents\Visual Studio 2022\Code Snippets\Visual C#\My Code Snippets\LeKatsuMNL\LeKatsuMNL\LeKatsuMNL.csproj]
C:\Program Files\dotnet\sdk\10.0.103\Microsoft.Common.CurrentVersion.targets(4903,5): warning MSB3026: Could not copy "obj\Debug\net8.0\LeKatsuMNL.dll" to "bin\Debug\net8.0\LeKatsuMNL.dll". Beginning retry 5 in 1000ms. The process cannot access the file 'C:\Users\azuce\OneDrive\Documents\Visual Studio 2022\Code Snippets\Visual C#\My Code Snippets\LeKatsuMNL\LeKatsuMNL\bin\Debug\net8.0\LeKatsuMNL.dll' because it is being used by another process. The file is locked by: "Microsoft Visual Studio 2022 (27916), IIS Express Worker Process (2128)" [C:\Users\azuce\OneDrive\Documents\Visual Studio 2022\Code Snippets\Visual C#\My Code Snippets\LeKatsuMNL\LeKatsuMNL\LeKatsuMNL.csproj]
C:\Program Files\dotnet\sdk\10.0.103\Microsoft.Common.CurrentVersion.targets(4903,5): warning MSB3026: Could not copy "obj\Debug\net8.0\LeKatsuMNL.dll" to "bin\Debug\net8.0\LeKatsuMNL.dll". Beginning retry 6 in 1000ms. The process cannot access the file 'C:\Users\azuce\OneDrive\Documents\Visual Studio 2022\Code Snippets\Visual C#\My Code Snippets\LeKatsuMNL\LeKatsuMNL\bin\Debug\net8.0\LeKatsuMNL.dll' because it is being used by another process. The file is locked by: "Microsoft Visual Studio 2022 (27916), IIS Express Worker Process (2128)" [C:\Users\azuce\OneDrive\Documents\Visual Studio 2022\Code Snippets\Visual C#\My Code Snippets\LeKatsuMNL\LeKatsuMNL\LeKatsuMNL.csproj]
C:\Program Files\dotnet\sdk\10.0.103\Microsoft.Common.CurrentVersion.targets(4903,5): warning MSB3026: Could not copy "obj\Debug\net8.0\LeKatsuMNL.dll" to "bin\Debug\net8.0\LeKatsuMNL.dll". Beginning retry 7 in 1000ms. The process cannot access the file 'C:\Users\azuce\OneDrive\Documents\Visual Studio 2022\Code Snippets\Visual C#\My Code Snippets\LeKatsuMNL\LeKatsuMNL\bin\Debug\net8.0\LeKatsuMNL.dll' because it is being used by another process. The file is locked by: "Microsoft Visual Studio 2022 (27916), IIS Express Worker Process (2128)" [C:\Users\azuce\OneDrive\Documents\Visual Studio 2022\Code Snippets\Visual C#\My Code Snippets\LeKatsuMNL\LeKatsuMNL\LeKatsuMNL.csproj]
C:\Program Files\dotnet\sdk\10.0.103\Microsoft.Common.CurrentVersion.targets(4903,5): warning MSB3026: Could not copy "obj\Debug\net8.0\LeKatsuMNL.dll" to "bin\Debug\net8.0\LeKatsuMNL.dll". Beginning retry 8 in 1000ms. The process cannot access the file 'C:\Users\azuce\OneDrive\Documents\Visual Studio 2022\Code Snippets\Visual C#\My Code Snippets\LeKatsuMNL\LeKatsuMNL\bin\Debug\net8.0\LeKatsuMNL.dll' because it is being used by another process. The file is locked by: "Microsoft Visual Studio 2022 (27916), IIS Express Worker Process (2128)" [C:\Users\azuce\OneDrive\Documents\Visual Studio 2022\Code Snippets\Visual C#\My Code Snippets\LeKatsuMNL\LeKatsuMNL\LeKatsuMNL.csproj]
C:\Program Files\dotnet\sdk\10.0.103\Microsoft.Common.CurrentVersion.targets(4903,5): warning MSB3026: Could not copy "obj\Debug\net8.0\LeKatsuMNL.dll" to "bin\Debug\net8.0\LeKatsuMNL.dll". Beginning retry 9 in 1000ms. The process cannot access the file 'C:\Users\azuce\OneDrive\Documents\Visual Studio 2022\Code Snippets\Visual C#\My Code Snippets\LeKatsuMNL\LeKatsuMNL\bin\Debug\net8.0\LeKatsuMNL.dll' because it is being used by another process. The file is locked by: "Microsoft Visual Studio 2022 (27916), IIS Express Worker Process (2128)" [C:\Users\azuce\OneDrive\Documents\Visual Studio 2022\Code Snippets\Visual C#\My Code Snippets\LeKatsuMNL\LeKatsuMNL\LeKatsuMNL.csproj]
C:\Program Files\dotnet\sdk\10.0.103\Microsoft.Common.CurrentVersion.targets(4903,5): warning MSB3026: Could not copy "obj\Debug\net8.0\LeKatsuMNL.dll" to "bin\Debug\net8.0\LeKatsuMNL.dll". Beginning retry 10 in 1000ms. The process cannot access the file 'C:\Users\azuce\OneDrive\Documents\Visual Studio 2022\Code Snippets\Visual C#\My Code Snippets\LeKatsuMNL\LeKatsuMNL\bin\Debug\net8.0\LeKatsuMNL.dll' because it is being used by another process. The file is locked by: "Microsoft Visual Studio 2022 (27916), IIS Express Worker Process (2128)" [C:\Users\azuce\OneDrive\Documents\Visual Studio 2022\Code Snippets\Visual C#\My Code Snippets\LeKatsuMNL\LeKatsuMNL\LeKatsuMNL.csproj]
C:\Program Files\dotnet\sdk\10.0.103\Microsoft.Common.CurrentVersion.targets(4903,5): error MSB3027: Could not copy "obj\Debug\net8.0\LeKatsuMNL.dll" to "bin\Debug\net8.0\LeKatsuMNL.dll". Exceeded retry count of 10. Failed. The file is locked by: "Microsoft Visual Studio 2022 (27916), IIS Express Worker Process (2128)" [C:\Users\azuce\OneDrive\Documents\Visual Studio 2022\Code Snippets\Visual C#\My Code Snippets\LeKatsuMNL\LeKatsuMNL\LeKatsuMNL.csproj]
C:\Program Files\dotnet\sdk\10.0.103\Microsoft.Common.CurrentVersion.targets(4903,5): error MSB3021: Unable to copy file "obj\Debug\net8.0\LeKatsuMNL.dll" to "bin\Debug\net8.0\LeKatsuMNL.dll". The process cannot access the file 'C:\Users\azuce\OneDrive\Documents\Visual Studio 2022\Code Snippets\Visual C#\My Code Snippets\LeKatsuMNL\LeKatsuMNL\bin\Debug\net8.0\LeKatsuMNL.dll' because it is being used by another process. [C:\Users\azuce\OneDrive\Documents\Visual Studio 2022\Code Snippets\Visual C#\My Code Snippets\LeKatsuMNL\LeKatsuMNL\LeKatsuMNL.csproj]
    10 Warning(s)
    2 Error(s)

Time Elapsed 00:00:15.69
